/mnt/data/tmp/dev/mva-hackathon-2026/.venv/lib/python3.13/site-packages/spliceai/__init__.py:2: UserWarning: pkg_resources is deprecated as an API. See https://setuptools.pypa.io/en/latest/pkg_resources.html. The pkg_resources package is slated for removal as early as 2025-11-30. Refrain from using this package or pin to Setuptools<81.
  from pkg_resources import get_distribution
WARNING: All log messages before absl::InitializeLog() is called are written to STDERR
I0000 00:00:1787707074.157362  690552 cpu_feature_guard.cc:227] This TensorFlow binary is optimized to use available CPU instructions in performance-critical operations.
To enable the following instructions: AVX2 FMA, in other operations, rebuild TensorFlow with the appropriate compiler flags.
WARNING:absl:No training configuration found in the save file, so the model was *not* compiled. Compile it manually.
WARNING:absl:No training configuration found in the save file, so the model was *not* compiled. Compile it manually.
WARNING:absl:No training configuration found in the save file, so the model was *not* compiled. Compile it manually.
WARNING:absl:No training configuration found in the save file, so the model was *not* compiled. Compile it manually.
WARNING:absl:No training configuration found in the save file, so the model was *not* compiled. Compile it manually.
[W::vcf_parse_format_dict2] FORMAT 'GT' at chr15:40216470 is not defined in the header, assuming Type=String
WARNING:tensorflow:5 out of the last 5 calls to <function TensorFlowTrainer.make_predict_function.<locals>.one_step_on_data_distributed at 0x7873d80c4540> triggered tf.function retracing. Tracing is expensive and the excessive number of tracings could be due to (1) creating @tf.function repeatedly in a loop, (2) passing tensors with different shapes, (3) passing Python objects instead of tensors. For (1), please define your @tf.function outside of the loop. For (2), @tf.function has reduce_retracing=True option that can avoid unnecessary retracing. For (3), please refer to https://www.tensorflow.org/guide/function#controlling_retracing and https://www.tensorflow.org/api_docs/python/tf/function for  more details.
WARNING:tensorflow:5 out of the last 5 calls to <function TensorFlowTrainer.make_predict_function.<locals>.one_step_on_data_distributed at 0x7873d80c4540> triggered tf.function retracing. Tracing is expensive and the excessive number of tracings could be due to (1) creating @tf.function repeatedly in a loop, (2) passing tensors with different shapes, (3) passing Python objects instead of tensors. For (1), please define your @tf.function outside of the loop. For (2), @tf.function has reduce_retracing=True option that can avoid unnecessary retracing. For (3), please refer to https://www.tensorflow.org/guide/function#controlling_retracing and https://www.tensorflow.org/api_docs/python/tf/function for  more details.
[E::vcf_format] Invalid BCF, the FORMAT tag id=2 at chr15:40216470 not present in the header
Traceback (most recent call last):
  File "<frozen runpy>", line 198, in _run_module_as_main
  File "<frozen runpy>", line 88, in _run_code
  File "/mnt/data/tmp/dev/mva-hackathon-2026/.venv/lib/python3.13/site-packages/spliceai/__main__.py", line 82, in <module>
    main()
    ~~~~^^
  File "/mnt/data/tmp/dev/mva-hackathon-2026/.venv/lib/python3.13/site-packages/spliceai/__main__.py", line 75, in main
    output.write(record)
    ~~~~~~~~~~~~^^^^^^^^
  File "pysam/libcbcf.pyx", line 5072, in pysam.libcbcf.VariantFile.write
  File "pysam/libcbcf.pyx", line 5111, in pysam.libcbcf.VariantFile.write
OSError: [Errno 22] Can't write record: Invalid argument: 'analysis/candidates/spliceai_out.vcf'
